// Jest Snapshot v1, https://goo.gl/fbAQLP

exports[`Form render with snapshot 1`] = `
Object {
  "asFragment": [Function],
  "baseElement": <body>
    <div>
      <form
        class="form"
        data-testid="form"
      >
        <button
          class="delbutton"
          type="button"
        >
          <svg
            viewBox="0 0 96 96"
            xmlns="http://www.w3.org/2000/svg"
            xmlns:xlink="http://www.w3.org/1999/xlink"
          >
            <path
              d="m24,78c0,4.968 4.029,9 9,9h30c4.968,0 9-4.032 9-9l6-48h-60l6,48zm33-39h6v39h-6v-39zm-12,0h6v39h-6v-39zm-12,0h6v39h-6v-39zm43.5-21h-19.5c0,0-1.344-6-3-6h-12c-1.659,0-3,6-3,6h-19.5c-2.487,0-4.5,2.013-4.5,4.5s0,4.5 0,4.5h66c0,0 0-2.013 0-4.5s-2.016-4.5-4.5-4.5z"
            />
          </svg>
        </button>
        <textarea
          class="message"
          data-testid="message"
          placeholder="Your message"
        />
        <button
          class="btn"
          data-testid="button"
          disabled=""
          type="submit"
        >
          <svg
            class="ionicon"
            viewBox="0 0 512 512"
            xmlns="http://www.w3.org/2000/svg"
          >
            <title>
              Enter your name
            </title>
            <path
              d="M470.3 271.15L43.16 447.31a7.83 7.83 0 01-11.16-7V327a8 8 0 016.51-7.86l247.62-47c17.36-3.29 17.36-28.15 0-31.44l-247.63-47a8 8 0 01-6.5-7.85V72.59c0-5.74 5.88-10.26 11.16-8L470.3 241.76a16 16 0 010 29.39z"
            />
          </svg>
        </button>
      </form>
    </div>
  </body>,
  "container": <div>
    <form
      class="form"
      data-testid="form"
    >
      <button
        class="delbutton"
        type="button"
      >
        <svg
          viewBox="0 0 96 96"
          xmlns="http://www.w3.org/2000/svg"
          xmlns:xlink="http://www.w3.org/1999/xlink"
        >
          <path
            d="m24,78c0,4.968 4.029,9 9,9h30c4.968,0 9-4.032 9-9l6-48h-60l6,48zm33-39h6v39h-6v-39zm-12,0h6v39h-6v-39zm-12,0h6v39h-6v-39zm43.5-21h-19.5c0,0-1.344-6-3-6h-12c-1.659,0-3,6-3,6h-19.5c-2.487,0-4.5,2.013-4.5,4.5s0,4.5 0,4.5h66c0,0 0-2.013 0-4.5s-2.016-4.5-4.5-4.5z"
          />
        </svg>
      </button>
      <textarea
        class="message"
        data-testid="message"
        placeholder="Your message"
      />
      <button
        class="btn"
        data-testid="button"
        disabled=""
        type="submit"
      >
        <svg
          class="ionicon"
          viewBox="0 0 512 512"
          xmlns="http://www.w3.org/2000/svg"
        >
          <title>
            Enter your name
          </title>
          <path
            d="M470.3 271.15L43.16 447.31a7.83 7.83 0 01-11.16-7V327a8 8 0 016.51-7.86l247.62-47c17.36-3.29 17.36-28.15 0-31.44l-247.63-47a8 8 0 01-6.5-7.85V72.59c0-5.74 5.88-10.26 11.16-8L470.3 241.76a16 16 0 010 29.39z"
          />
        </svg>
      </button>
    </form>
  </div>,
  "debug": [Function],
  "findAllByAltText": [Function],
  "findAllByDisplayValue": [Function],
  "findAllByLabelText": [Function],
  "findAllByPlaceholderText": [Function],
  "findAllByRole": [Function],
  "findAllByTestId": [Function],
  "findAllByText": [Function],
  "findAllByTitle": [Function],
  "findByAltText": [Function],
  "findByDisplayValue": [Function],
  "findByLabelText": [Function],
  "findByPlaceholderText": [Function],
  "findByRole": [Function],
  "findByTestId": [Function],
  "findByText": [Function],
  "findByTitle": [Function],
  "getAllByAltText": [Function],
  "getAllByDisplayValue": [Function],
  "getAllByLabelText": [Function],
  "getAllByPlaceholderText": [Function],
  "getAllByRole": [Function],
  "getAllByTestId": [Function],
  "getAllByText": [Function],
  "getAllByTitle": [Function],
  "getByAltText": [Function],
  "getByDisplayValue": [Function],
  "getByLabelText": [Function],
  "getByPlaceholderText": [Function],
  "getByRole": [Function],
  "getByTestId": [Function],
  "getByText": [Function],
  "getByTitle": [Function],
  "queryAllByAltText": [Function],
  "queryAllByDisplayValue": [Function],
  "queryAllByLabelText": [Function],
  "queryAllByPlaceholderText": [Function],
  "queryAllByRole": [Function],
  "queryAllByTestId": [Function],
  "queryAllByText": [Function],
  "queryAllByTitle": [Function],
  "queryByAltText": [Function],
  "queryByDisplayValue": [Function],
  "queryByLabelText": [Function],
  "queryByPlaceholderText": [Function],
  "queryByRole": [Function],
  "queryByTestId": [Function],
  "queryByText": [Function],
  "queryByTitle": [Function],
  "rerender": [Function],
  "unmount": [Function],
}
`;
