// Jest Snapshot v1, https://goo.gl/fbAQLP

exports[`App answer bot on empty message 1`] = `
<DocumentFragment>
  <div
    class="container"
  >
    <div
      class="msg"
      data-testid="messageList"
    />
    <form
      class="container"
      data-testid="form"
    >
      <input
        data-testid="user"
        placeholder="Your name?"
        type="text"
        value=""
      />
      <textarea
        data-testid="message"
        placeholder="Your message"
      />
      <button
        class="btn btn-top"
        data-testid="button"
        disabled=""
        type="submit"
      >
        Send message
      </button>
    </form>
  </div>
</DocumentFragment>
`;

exports[`App render with snapshot 1`] = `
<DocumentFragment>
  <div
    class="container"
  >
    <div
      class="msg"
      data-testid="messageList"
    />
    <form
      class="container"
      data-testid="form"
    >
      <input
        data-testid="user"
        placeholder="Your name?"
        type="text"
        value=""
      />
      <textarea
        data-testid="message"
        placeholder="Your message"
      />
      <button
        class="btn btn-top"
        data-testid="button"
        disabled=""
        type="submit"
      >
        Send message
      </button>
    </form>
  </div>
</DocumentFragment>
`;
